{
  "id": "01__vol2__001",
  "bounded_assertions": 8953,
  "independent_engine_checks": 17906,
  "pass": true,
  "errors": []
}
{
  "id": "02__vol2__015",
  "bounded_assertions": 2462,
  "independent_engine_checks": 4924,
  "pass": true,
  "errors": []
}
{
  "id": "03__vol1__27",
  "bounded_assertions": 1792,
  "independent_engine_checks": 3584,
  "pass": true,
  "errors": []
}
{
  "id": "04__vol2__062",
  "bounded_assertions": 1142,
  "independent_engine_checks": 2284,
  "pass": true,
  "errors": []
}
{
  "id": "06__vol2__096",
  "bounded_assertions": 1547,
  "independent_engine_checks": 3094,
  "pass": true,
  "errors": []
}
{
  "id": "07__vol2__061",
  "bounded_assertions": 246,
  "independent_engine_checks": 492,
  "pass": true,
  "errors": []
}
{
  "id": "09__vol2__014",
  "bounded_assertions": 367,
  "independent_engine_checks": 734,
  "pass": true,
  "errors": []
}
{
  "id": "10__vol2__040",
  "bounded_assertions": 211,
  "independent_engine_checks": 422,
  "pass": true,
  "errors": []
}
{
  "id": "11__vol1__05",
  "bounded_assertions": 290,
  "independent_engine_checks": 580,
  "pass": true,
  "errors": []
}
{
  "id": "12__vol2__028",
  "bounded_assertions": 2932,
  "independent_engine_checks": 5864,
  "pass": true,
  "errors": []
}
{
  "id": "13__vol2__017",
  "bounded_assertions": 132,
  "independent_engine_checks": 264,
  "pass": true,
  "errors": []
}
{
  "id": "14__vol2__021",
  "bounded_assertions": 251,
  "independent_engine_checks": 502,
  "pass": true,
  "errors": []
}
{
  "id": "16__vol2__069",
  "bounded_assertions": 321,
  "independent_engine_checks": 642,
  "pass": true,
  "errors": []
}
{
  "id": "17__vol1__16",
  "bounded_assertions": 170,
  "independent_engine_checks": 340,
  "pass": true,
  "errors": []
}
{
  "id": "18__vol2__092",
  "bounded_assertions": 489,
  "independent_engine_checks": 978,
  "pass": true,
  "errors": []
}
{
  "id": "20__vol2__097",
  "bounded_assertions": 41,
  "independent_engine_checks": 82,
  "pass": true,
  "errors": []
}
{
  "id": "21__vol2__095",
  "bounded_assertions": 0,
  "independent_engine_checks": 0,
  "pass": false,
  "errors": [
    "Unsupported bundle schema"
  ]
}
{
  "id": "22__vol2__012",
  "bounded_assertions": 681,
  "independent_engine_checks": 1362,
  "pass": true,
  "errors": []
}
{
  "id": "23__vol2__033",
  "bounded_assertions": 1205,
  "independent_engine_checks": 2410,
  "pass": true,
  "errors": []
}
{
  "id": "25__vol2__053",
  "bounded_assertions": 1049,
  "independent_engine_checks": 2098,
  "pass": true,
  "errors": []
}
{
  "id": "26__vol2__031",
  "bounded_assertions": 73,
  "independent_engine_checks": 146,
  "pass": true,
  "errors": []
}
{
  "id": "28__vol1__26",
  "bounded_assertions": 5,
  "independent_engine_checks": 10,
  "pass": true,
  "errors": []
}
{
  "id": "29__vol2__030",
  "bounded_assertions": 12,
  "independent_engine_checks": 24,
  "pass": true,
  "errors": []
}
{
  "id": "30__vol2__058",
  "bounded_assertions": 22,
  "independent_engine_checks": 44,
  "pass": true,
  "errors": []
}
{"scope": "development records only; holdout unopened", "records": 24, "passed": 23}
