Warning: Please use the `legacy` build in Node.js environments.
Warning: Please use the `legacy` build in Node.js environments.
OT_PROGRESS	{"phase":"load","message":"Loading 1 plan PDF…","pdf_count":1}
OT_PROGRESS	{"phase":"graph","message":"Building Session + ODL sheet graph (schedules, roles, tables)…"}

<--- Last few GCs --->

[44576:0xae040c000]   249812 ms: Mark-Compact (reduce) 2046.2 (2052.8) -> 2045.4 (2051.0) MB, pooled: 0 MB, 512.62 / 0.00 ms  (+ 2.9 ms in 13 steps since start of marking, biggest step 2.9 ms, walltime since start of marking 518 ms) (average mu = 0.252, c
FATAL ERROR: Reached heap limit Allocation failed - JavaScript heap out of memory
----- Native stack trace -----

 1: 0x101097714 node::OOMErrorHandler(char const*, v8::OOMDetails const&) [/usr/local/bin/node]
 2: 0x1012967e8 v8::internal::V8::FatalProcessOutOfMemory(v8::internal::Isolate*, char const*, v8::OOMDetails const&) [/usr/local/bin/node]
 3: 0x1014f641c v8::internal::Heap::stack() [/usr/local/bin/node]
 4: 0x1014f4304 v8::internal::Heap::CollectGarbage(v8::internal::AllocationSpace, v8::internal::GarbageCollectionReason, v8::GCCallbackFlags) [/usr/local/bin/node]
 5: 0x1014e8e2c v8::internal::HeapAllocator::AllocateRawWithRetryOrFailSlowPath(int, v8::internal::AllocationType, v8::internal::AllocationOrigin, v8::internal::AllocationAlignment) [/usr/local/bin/node]
 6: 0x1014ca538 v8::internal::Factory::NewFillerObject(int, v8::internal::AllocationAlignment, v8::internal::AllocationType, v8::internal::AllocationOrigin) [/usr/local/bin/node]
 7: 0x1019596a0 v8::internal::Runtime_AllocateInYoungGeneration(int, unsigned long*, v8::internal::Isolate*) [/usr/local/bin/node]
 8: 0x101fadf74 Builtins_CEntry_Return1_ArgvOnStack_NoBuiltinExit [/usr/local/bin/node]
 9: 0x125015ae4
10: 0x124e638d8
11: 0x125017d10
12: 0x124fc084c
13: 0x12503ef2c
14: 0x101f10bec Builtins_InterpreterEntryTrampoline [/usr/local/bin/node]
15: 0x101f10bec Builtins_InterpreterEntryTrampoline [/usr/local/bin/node]
16: 0x101f10bec Builtins_InterpreterEntryTrampoline [/usr/local/bin/node]
17: 0x101f10bec Builtins_InterpreterEntryTrampoline [/usr/local/bin/node]
18: 0x101f10bec Builtins_InterpreterEntryTrampoline [/usr/local/bin/node]
19: 0x101f116e0 Builtins_InterpreterEnterAtBytecode [/usr/local/bin/node]
20: 0x101f10bec Builtins_InterpreterEntryTrampoline [/usr/local/bin/node]
21: 0x101f10bec Builtins_InterpreterEntryTrampoline [/usr/local/bin/node]
22: 0x101f10bec Builtins_InterpreterEntryTrampoline [/usr/local/bin/node]
23: 0x101f10bec Builtins_InterpreterEntryTrampoline [/usr/local/bin/node]
24: 0x101f10bec Builtins_InterpreterEntryTrampoline [/usr/local/bin/node]
25: 0x101f10bec Builtins_InterpreterEntryTrampoline [/usr/local/bin/node]
26: 0x101f10bec Builtins_InterpreterEntryTrampoline [/usr/local/bin/node]
27: 0x101f10bec Builtins_InterpreterEntryTrampoline [/usr/local/bin/node]
28: 0x101f10bec Builtins_InterpreterEntryTrampoline [/usr/local/bin/node]
29: 0x101f10bec Builtins_InterpreterEntryTrampoline [/usr/local/bin/node]
30: 0x101f4f648 Builtins_AsyncFunctionAwaitResolveClosure [/usr/local/bin/node]
31: 0x1020245f8 Builtins_PromiseFulfillReactionJob [/usr/local/bin/node]
32: 0x101f3ea50 Builtins_RunMicrotasks [/usr/local/bin/node]
33: 0x101f0e7b0 Builtins_JSRunMicrotasksEntry [/usr/local/bin/node]
34: 0x10143a61c v8::internal::(anonymous namespace)::Invoke(v8::internal::Isolate*, v8::internal::(anonymous namespace)::InvokeParams const&) [/usr/local/bin/node]
35: 0x10143ae90 v8::internal::(anonymous namespace)::InvokeWithTryCatch(v8::internal::Isolate*, v8::internal::(anonymous namespace)::InvokeParams const&) [/usr/local/bin/node]
36: 0x10143afcc v8::internal::Execution::TryRunMicrotasks(v8::internal::Isolate*, v8::internal::MicrotaskQueue*) [/usr/local/bin/node]
37: 0x101469e7c v8::internal::MicrotaskQueue::RunMicrotasks(v8::internal::Isolate*) [/usr/local/bin/node]
38: 0x10146a7dc v8::internal::MicrotaskQueue::PerformCheckpoint(v8::Isolate*) [/usr/local/bin/node]
39: 0x100f99028 node::InternalCallbackScope::Close() [/usr/local/bin/node]
40: 0x100f98ae8 node::InternalCallbackScope::~InternalCallbackScope() [/usr/local/bin/node]
41: 0x10109b714 node::fs::FileHandle::CloseReq::Resolve() [/usr/local/bin/node]
42: 0x1010b6b20 node::fs::FileHandle::ClosePromise()::$_0::__invoke(uv_fs_s*) [/usr/local/bin/node]
43: 0x10108f280 node::MakeLibuvRequestCallback<uv_fs_s, void (*)(uv_fs_s*)>::Wrapper(uv_fs_s*) [/usr/local/bin/node]
44: 0x101eeb3fc uv__work_done [/usr/local/bin/node]
45: 0x101eef12c uv__async_io [/usr/local/bin/node]
46: 0x101f034c4 uv__io_poll [/usr/local/bin/node]
47: 0x101eef694 uv_run [/usr/local/bin/node]
48: 0x100f99b44 node::SpinEventLoopInternal(node::Environment*) [/usr/local/bin/node]
49: 0x1010eb234 node::NodeMainInstance::Run() [/usr/local/bin/node]
50: 0x1010516ac node::Start(int, char**) [/usr/local/bin/node]
51: 0x1945c9d54 start [/usr/lib/dyld]
time: command terminated abnormally
      250.13 real        96.26 user        22.43 sys
          1631633408  maximum resident set size
                   0  average shared memory size
                   0  average unshared data size
                   0  average unshared stack size
             2063706  page reclaims
                 289  page faults
                   0  swaps
                   0  block input operations
                   0  block output operations
                   6  messages sent
                   9  messages received
                   0  signals received
               15386  voluntary context switches
              537366  involuntary context switches
        536872755910  instructions retired
        215296304179  cycles elapsed
          2603906128  peak memory footprint
