Warning: Please use the `legacy` build in Node.js environments.
Warning: Please use the `legacy` build in Node.js environments.
{"phase":"load_plan:start","elapsed_ms":0,"rss_bytes":301826048}
{"phase":"load_plan:complete","elapsed_ms":610,"rss_bytes":365395968}
{"phase":"graph:start","elapsed_ms":610,"rss_bytes":365395968}
{"phase":"graph:ready","elapsed_ms":17753,"rss_bytes":615825408}
{"phase":"compile_corpus_takeoff:start","elapsed_ms":17756,"rss_bytes":615841792}
{"phase":"compile_corpus_takeoff:complete","elapsed_ms":18510,"rss_bytes":630407168}
{"phase":"compile_corpus_takeoff:start","elapsed_ms":18540,"rss_bytes":626835456}
{"phase":"compile_corpus_takeoff:complete","elapsed_ms":19551,"rss_bytes":685408256}
{"phase":"compile_corpus_takeoff:start","elapsed_ms":19551,"rss_bytes":685408256}
{"phase":"compile_corpus_takeoff:complete","elapsed_ms":20598,"rss_bytes":927481856}
{"phase":"compile_corpus_takeoff:start","elapsed_ms":20682,"rss_bytes":946929664}
{"phase":"compile_corpus_takeoff:complete","elapsed_ms":21785,"rss_bytes":1046609920}
{"phase":"compile_corpus_takeoff:start","elapsed_ms":21792,"rss_bytes":1046609920}
{"phase":"compile_corpus_takeoff:complete","elapsed_ms":23245,"rss_bytes":987873280}
{"phase":"compile_corpus_takeoff:start","elapsed_ms":23252,"rss_bytes":987873280}
{"phase":"compile_corpus_takeoff:complete","elapsed_ms":24612,"rss_bytes":1029980160}
{"phase":"compile_corpus_takeoff:start","elapsed_ms":24621,"rss_bytes":1029980160}
{"phase":"compile_corpus_takeoff:complete","elapsed_ms":25596,"rss_bytes":1028521984}
{"phase":"compile_corpus_takeoff:start","elapsed_ms":25611,"rss_bytes":1028702208}
{"phase":"compile_corpus_takeoff:complete","elapsed_ms":26367,"rss_bytes":1029226496}
{"phase":"compile_corpus_takeoff:start","elapsed_ms":26375,"rss_bytes":1029226496}
{"phase":"compile_corpus_takeoff:complete","elapsed_ms":27287,"rss_bytes":1077837824}
{"phase":"export_takeoff:start","elapsed_ms":27295,"rss_bytes":1077837824}
{"phase":"export_takeoff:complete","elapsed_ms":27404,"rss_bytes":1082589184}
{"phase":"load_plan:start","elapsed_ms":27419,"rss_bytes":1086603264}
{"phase":"load_plan:complete","elapsed_ms":27705,"rss_bytes":1085440000}
{"phase":"import_takeoff:start","elapsed_ms":27705,"rss_bytes":1085440000}
{"phase":"import_takeoff:complete","elapsed_ms":28341,"rss_bytes":1089093632}
{"phase":"compile_corpus_takeoff:start","elapsed_ms":28425,"rss_bytes":1089159168}
{"phase":"compile_corpus_takeoff:complete","elapsed_ms":42203,"rss_bytes":884391936}
{"phase":"compile_corpus_takeoff:start","elapsed_ms":42203,"rss_bytes":884391936}
{"phase":"compile_corpus_takeoff:complete","elapsed_ms":43782,"rss_bytes":991346688}
{"phase":"compile_corpus_takeoff:start","elapsed_ms":43800,"rss_bytes":991887360}
{"phase":"compile_corpus_takeoff:complete","elapsed_ms":45203,"rss_bytes":1111638016}
{"phase":"compile_corpus_takeoff:start","elapsed_ms":45204,"rss_bytes":1111638016}
{"phase":"compile_corpus_takeoff:complete","elapsed_ms":46943,"rss_bytes":1112031232}
{"phase":"export_takeoff:start","elapsed_ms":46951,"rss_bytes":1112031232}
{"phase":"export_takeoff:complete","elapsed_ms":47042,"rss_bytes":1113128960}
{"phase":"load_plan:start","elapsed_ms":47054,"rss_bytes":1113309184}
{"phase":"load_plan:complete","elapsed_ms":47323,"rss_bytes":1111113728}
{"phase":"import_takeoff:start","elapsed_ms":47323,"rss_bytes":1111113728}
{"phase":"import_takeoff:complete","elapsed_ms":48633,"rss_bytes":1098301440}
{"phase":"compile_corpus_takeoff:start","elapsed_ms":48639,"rss_bytes":1098301440}
{"phase":"compile_corpus_takeoff:complete","elapsed_ms":62287,"rss_bytes":1134166016}
{"phase":"compile_corpus_takeoff:start","elapsed_ms":62370,"rss_bytes":1130512384}
{"phase":"compile_corpus_takeoff:complete","elapsed_ms":63559,"rss_bytes":1127038976}
{"phase":"export_takeoff:start","elapsed_ms":63565,"rss_bytes":1127038976}
{"phase":"export_takeoff:complete","elapsed_ms":63661,"rss_bytes":1131806720}
{"ok":true,"source_sha256":"c62b086bc4b947bc7b87e237c415df1417ec4ebd5a3bf6b15bc7328890859d4d","selected_members":["DOAS-1","DOAS-2"],"components":3,"explicit_rule_upgrade":true,"new_source_candidates":4,"newly_assigned_components":0,"assigned_contributions":[2,2,2],"installed_quantity":null,"graph_exact":true,"legacy_compile_exact":true,"legacy_math_exact":true,"point_result_exact":true,"replay_exact":true,"checks":["actual PDF/public typed and text output parity","independently keyed declaration spans and schedule members","source-owned equipment and assembly proposals","distinct VFD roles","factory furnish only","shared Python quantities","retry/replay","forged source quantity and stale head rejection","export/reset/import","exception and retained stale result","equipment withdrawal retains readable history"],"elapsed_ms":63664,"main_process_peak_rss_bytes":1149255680,"node_heap_limit_bytes":2348810240,"workflow_bytes":1140592,"limits":"600-second diagnostic tool deadline; heap limit recorded, not assumed. Controlled scope/exception decisions, not automatic applicability, installed count, commissioning or full-goal completion."}
